// Jest Snapshot v1, https://goo.gl/fbAQLP

exports[`App should render correctly in "debug" mode 1`] = `
<BrowserRouter>
  <Navbar />
  <div
    className="container"
  >
    <Row
      gutter={0}
    >
      <Product />
      <Product />
      <Product />
      <Product />
    </Row>
    <Pagination />
  </div>
  <Footer />
</BrowserRouter>
`;
